// Jest Snapshot v1, https://goo.gl/fbAQLP

exports[`Profile renders correctly 1`] = `
<div>
  <p>
    User Profile
  </p>
  <div
    className="row"
  >
    <div
      className="col"
    >
      Name : 
    </div>
    <div
      className="col"
    >
      <input
        onChange={[Function]}
        type="text"
        value=""
      />
    </div>
  </div>
  <div
    className="row"
  >
    <div
      className="col"
    >
      Email : 
    </div>
    <div
      className="col"
    >
      <input
        name="email"
        onChange={[Function]}
        type="text"
        value=""
      />
    </div>
  </div>
  <div
    className="row"
  >
    <div
      className="col"
    >
      <button
        className="btn btn-primary btn-lg"
        disabled={false}
        onClick={[Function]}
        type="submit"
      >
        Save
      </button>
    </div>
  </div>
</div>
`;
